$ npm init --scope=@romiraxp
This utility will walk you through creating a package.json file.
It only covers the most common items, and tries to guess sensible defaults.

See `npm help init` for definitive documentation on these fields
and exactly what they do.

Use `npm install <pkg>` afterwards to install a package and
save it as a dependency in the package.json file.

Press ^C at any time to quit.
package name: (@romiraxp/platforms)
version: (1.0.0)
description:
entry point: (dist/index.js)
test command:
git repository: https://github.com/romiraxp/JSWorkspace/tree/main/platforms
keywords:
author:
license: (ISC)
type:
About to write to C:\Podkorytro01\Netology\JSdeepdive\platforms\package.json:

{
  "name": "@romiraxp/platforms",
  "version": "1.0.0",
  "description": "**Ð’Ð°Ð¶Ð½Ð¾**: ÐºÐ°Ð¶Ð´Ð°Ñ Ð·Ð°Ð´Ð°Ñ‡Ð° Ð²Ñ‹Ð¿Ð¾Ð»Ð½ÑÐµÑ‚ÑÑ Ð² Ð²Ð¸Ð´Ðµ Ð¾Ñ‚Ð´ÐµÐ»ÑŒÐ½Ð¾Ð³Ð¾ Ð¿Ñ€Ð¾ÐµÐºÑ‚Ð° Ñ ÑÐ¾Ð±ÑÑ‚Ð²ÐµÐ½Ð½Ñ‹Ð¼ GitHub Ñ€ÐµÐ¿Ð¾Ð·Ð¸Ñ‚Ð¾Ñ€Ð¸ÐµÐ¼.",
  "main": "\u001b[D\u001b[D\u001b[D\u001b[D\u001b[D\u001b[D\u001b[D\u001b[D\u001b[D\u001b[D\u001b[D\u001b[Cdist/index.js)",
  "scripts": {
    "test": "echo \"Error: no test specified\" && exit 1"
  },
  "repository": {
    "type": "git",
    "url": "git+https://github.com/romiraxp/JSWorkspace.git#main"
  },
  "author": "",
  "license": "ISC",
  "type": "\u001b[D\u001b[D\u001b[D\u001b[D\u001b[D\u001b[D\u001b[D\u001b[D\u001b[C\u001b[3~\u001b[3~\u001b[3~\u001b[C\u001b[F\u001b[B\u001b[\u001b[B\u001b[F\u001b[B\u001b[F\u001b[3~l\u001b[B\u001b[B\u001b[C\u001b[C\u001b[C\u001b[C\u001b[C\u001b[C\u001b[C\u001b[C\u001b[C\u001b[C\u001b[C\u001b[C\u001b[C\u001b[C\u001b[C\u001b",
  "bugs": {
    "url": "https://github.com/romiraxp/JSWorkspace/issues"
  },
  "homepage": "https://github.com/romiraxp/JSWorkspace/tree/main#readme"
}


Is this OK? (yes)

*-------------*

$ npm i -D @babel/cli
npm warn deprecated inflight@1.0.6: This module is not supported, and leaks memory. Do not use it. Check out lru-cache if you want a good and tested way to coalesce async requests by a key value, which is much more comprehensive and powerful.
npm warn deprecated glob@7.2.3: Glob versions prior to v9 are no longer supported

added 72 packages, and audited 73 packages in 8s

8 packages are looking for funding
  run `npm fund` for details

found 0 vulnerabilities

*-------------*

$ npm i -D @babel/core

up to date, audited 73 packages in 2s

8 packages are looking for funding
  run `npm fund` for details

found 0 vulnerabilities

*-------------*
$ npm i -D @babel/preset-env

added 95 packages, and audited 168 packages in 7s

13 packages are looking for funding
  run `npm fund` for details

found 0 vulnerabilities

*-------------*
$ npm i -D babel-loader

added 72 packages, and audited 240 packages in 18s

25 packages are looking for funding
  run `npm fund` for details

found 0 vulnerabilities

*-------------*
$ npm i -D webpack

up to date, audited 240 packages in 3s

25 packages are looking for funding
  run `npm fund` for details

found 0 vulnerabilities

*-------------*
$ npm i -D webpack-cli

added 34 packages, and audited 274 packages in 4s

28 packages are looking for funding
  run `npm fund` for details

found 0 vulnerabilities

*-------------*
ÑÐ¾Ð·Ð´Ð°Ð»Ð¸ .npmrc Ñ Ð´Ð°Ð½Ð½Ñ‹Ð¼Ð¸ Ð°Ð²Ñ‚Ð¾Ñ€Ð¸Ð·Ð°Ñ†Ð¸Ð¸ Ð² Ð¿Ð°Ð¿ÐºÐµ %USERPROFILE%

*-------------*
Ð¾Ð±Ð²Ð½Ð¾Ð²Ð¸Ð»Ð¸ ÐºÐ¾Ð½Ñ„Ð¸Ð³ÑƒÑ€Ð°Ñ†Ð¸Ð¸
*-------------*

$ npm run build

> @romiraxp/platforms@1.0.0 build
> webpack --mode production

asset index.js 382 bytes [emitted] [minimized] (name: main)
./src/index.js 140 bytes [built] [code generated]
webpack 5.99.9 compiled successfully in 1053 ms

*-------------*
$ npm publich
Unknown command: "publich"


Did you mean this?
  npm publish # Publish a package
To see a list of supported npm commands, run:
  npm help

*-------------*
$ npm publish
npm notice
npm notice ðŸ“¦  @romiraxp/platforms@1.0.0
npm notice Tarball Contents
npm notice 66B .bablerc
npm notice 30B .browserslistrc
npm notice 18.9kB README.md
npm notice 382B dist/index.js
npm notice 0B log.txt
npm notice 1.4kB package.json
npm notice 150B src/index.js
npm notice 1.1kB webpack.config.js
npm notice Tarball Details
npm notice name: @romiraxp/platforms
npm notice version: 1.0.0
npm notice filename: romiraxp-platforms-1.0.0.tgz
npm notice package size: 7.3 kB
npm notice unpacked size: 22.0 kB
npm notice shasum: 25487222297a86a963a748e18bee8bab04751b7a
npm notice integrity: sha512-TTdtOpaXUPZ04[...]lOoVBdlgxXwyA==
npm notice total files: 8
npm notice
npm notice Publishing to https://npm.pkg.github.com/ with tag latest and default access
+ @romiraxp/platforms@1.0.0

*-------------*
Ñ€Ð°Ð±Ð¾Ñ‚Ð° Ñ ÐºÐ»Ð¾Ð½Ð¾Ð¼
*-------------*
$ npm i @romiraxp/platforms@1.0.0

added 1 package in 3s

*-------------*
$ npm start
npm error code EJSONPARSE
npm error JSON.parse Invalid package.json: JSONParseError: Expected ',' or '}' after property value in JSON at position 303 (line 11 column 5) while parsing near "...e src/index.js\"\n    \"test\": \"echo \\\"Erro..."
npm error JSON.parse Failed to parse JSON data.
npm error JSON.parse Note: package.json must be actual JSON, not just JavaScript.
npm error A complete log of this run can be found in: C:\Users\Roman Podkorytov\AppData\Local\npm-cache\_logs\2025-07-07T07_00_06_514Z-debug-0.log

*-------------*
$ npm start

> platforms_clone@1.0.0 start
> node src/index.js

node:internal/modules/cjs/loader:500
      throw err;
      ^

Error: Cannot find module 'C:\Podkorytro01\Netology\JSdeepdive\platforms_clone\node_modules\@romiraxp\dist\index.js)'. Please verify that the package.json has a valid "main" entry
    at tryPackage (node:internal/modules/cjs/loader:492:19)
    at Function._findPath (node:internal/modules/cjs/loader:790:18)
    at Function._resolveFilename (node:internal/modules/cjs/loader:1230:27)
    at Function._load (node:internal/modules/cjs/loader:1070:27)
    at TracingChannel.traceSync (node:diagnostics_channel:322:14)
    at wrapModuleLoad (node:internal/modules/cjs/loader:217:24)
    at Module.require (node:internal/modules/cjs/loader:1335:12)
    at require (node:internal/modules/helpers:136:16)
    at Object.<anonymous> (C:\Podkorytro01\Netology\JSdeepdive\platforms_clone\src\index.js:2:19)
    at Module._compile (node:internal/modules/cjs/loader:1562:14) {
  code: 'MODULE_NOT_FOUND',
  path: '\\\\?\\C:\\Podkorytro01\\Netology\\JSdeepdive\\platforms_clone\\node_modules\\@romiraxp\\platforms\\package.json',
  requestPath: '@romiraxp/platforms'
}

Node.js v22.13.0
